
> local-agent-server@1.0.0 build
> tsc

